<?xml version="1.0" encoding="UTF-8"?>
<TestRun id="59f27212-24aa-4772-9c86-b0ae67a3a145" name="ChrisO@CHRISORTMAN 2010-05-21 09:30:18" runUser="INNSYS\ChrisO" xmlns="http://microsoft.com/schemas/VisualStudio/TeamTest/2010">
  <TestSettings name="Local" id="0aba6468-b473-456a-a922-b5a74a61eff7">
    <Description>These are default test settings for a local test run.</Description>
    <Deployment userDeploymentRoot="C:\OSS\MvcIntegrationTest\TestResults" useDefaultDeploymentRoot="false" enabled="false" runDeploymentRoot="ChrisO_CHRISORTMAN 2010-05-21 09_30_18">
      <DeploymentItem filename="C:\OSS\MvcIntegrationTest\src\MvcIntegrationTestFramework\bin\Debug\MvcIntegrationTestFramework.dll" />
    </Deployment>
    <Execution>
      <TestTypeSpecific />
      <AgentRule name="Execution Agents">
      </AgentRule>
    </Execution>
  </TestSettings>
  <Times creation="2010-05-21T09:30:18.4207123-05:00" queuing="2010-05-21T09:30:18.6217324-05:00" start="2010-05-21T09:30:18.6617364-05:00" finish="2010-05-21T09:30:21.6000302-05:00" />
  <ResultSummary outcome="Completed">
    <Counters total="1" executed="1" passed="1" error="0" failed="0" timeout="0" aborted="0" inconclusive="0" passedButRunAborted="0" notRunnable="0" notExecuted="0" disconnected="0" warning="0" completed="0" inProgress="0" pending="0" />
  </ResultSummary>
  <TestDefinitions>
    <UnitTest name="TestMethod1" storage="c:\oss\mvcintegrationtest\src\example.mstest\bin\debug\example.mstest.dll" id="5ac826d5-b154-0517-8852-6be0168b0a57">
      <Execution id="9fab870a-1348-4b01-8fe3-998c12664c3b" />
      <TestMethod codeBase="C:/OSS/MvcIntegrationTest/src/Example.MsTest/bin/Debug/Example.MsTest.DLL" adapterTypeName="Microsoft.VisualStudio.TestTools.TestTypes.Unit.UnitTestAdapter, Microsoft.VisualStudio.QualityTools.Tips.UnitTest.Adapter, Version=10.0.0.0, Culture=neutral, PublicKeyToken=b03f5f7f11d50a3a" className="Example.MsTest.UnitTest1, Example.MsTest, Version=1.0.0.0, Culture=neutral, PublicKeyToken=null" name="TestMethod1" />
    </UnitTest>
  </TestDefinitions>
  <TestLists>
    <TestList name="Results Not in a List" id="8c84fa94-04c1-424b-9868-57a2d4851a1d" />
    <TestList name="All Loaded Results" id="19431567-8539-422a-85d7-44ee4e166bda" />
  </TestLists>
  <TestEntries>
    <TestEntry testId="5ac826d5-b154-0517-8852-6be0168b0a57" executionId="9fab870a-1348-4b01-8fe3-998c12664c3b" testListId="8c84fa94-04c1-424b-9868-57a2d4851a1d" />
  </TestEntries>
  <Results>
    <UnitTestResult executionId="9fab870a-1348-4b01-8fe3-998c12664c3b" testId="5ac826d5-b154-0517-8852-6be0168b0a57" testName="TestMethod1" computerName="CHRISORTMAN" duration="00:00:02.4247838" startTime="2010-05-21T09:30:18.6767379-05:00" endTime="2010-05-21T09:30:21.5430245-05:00" testType="13cdc9d9-ddb5-4fa4-a97d-d965ccfc6d4b" outcome="Passed" testListId="8c84fa94-04c1-424b-9868-57a2d4851a1d" relativeResultsDirectory="9fab870a-1348-4b01-8fe3-998c12664c3b">
    </UnitTestResult>
  </Results>
</TestRun>